// Jest Snapshot v1, https://goo.gl/fbAQLP

exports[`Matches Loader Snapshot 1`] = `
<DocumentFragment>
  <div>
    <div
      class="loader"
    />
  </div>
</DocumentFragment>
`;
