// Jest Snapshot v1, https://goo.gl/fbAQLP

exports[`Should match Homepage snapshot 1`] = `
<DocumentFragment>
  <div
    class="homepage"
  >
    <h1>
      GitHub Timeline
    </h1>
    <p>
      Enter a user's name to see their GitHub timeline :)
    </p>
  </div>
</DocumentFragment>
`;
